<html>
<body>
<pre>
<h1>µVision Build Log</h1>
<h2>Tool Versions:</h2>
IDE-Version: µVision V5.39.0.0
Copyright (C) 2023 ARM Ltd and ARM Germany GmbH. All rights reserved.
License Information: Sanjay Yadav, Eastman, LIC=L96Y4-FADFH-3B38I-6GQIJ-VUYX7-SU4RE
 
Tool Versions:
Toolchain:       MDK-ARM Cortex-M0/M23 for Nuvoton  Version: 5.39.0.0
Toolchain Path:  C:\Keil_v5\ARM\ARMCLANG\Bin
C Compiler:      ArmClang.exe V6.21
Assembler:       Armasm.exe V6.21
Linker/Locator:  ArmLink.exe V6.21
Library Manager: ArmAr.exe V6.21
Hex Converter:   FromElf.exe V6.21
CPU DLL:         SARMCM3.DLL V5.39.0.0
Dialog DLL:      DARMCM1.DLL V1.19.6.0
Target DLL:      Nu_Link.dll V3.16
Dialog DLL:      TARMCM1.DLL V1.14.6.0
 
<h2>Project:</h2>
N:\A_Nuvoton M031\Nuvoton M031LC2AE\(BSP0) Board Support Package (BSP0)\SampleCode\Level1_Training\Level1_PWM_LED_Breathing\KEIL\Level1_PWM_LED_Breathing.uvproj
Project File Date:  07/25/2024

<h2>Output:</h2>
*** Using Compiler 'V6.21', folder: 'C:\Keil_v5\ARM\ARMCLANG\Bin'
Rebuild target 'Level1_PWM_LED_Breathing'
assembling startup_M031Series.s...
creating preprocessor file for system_M031Series.c...
compiling system_M031Series.c...
creating preprocessor file for main.c...
creating preprocessor file for retarget.c...
compiling main.c...
compiling retarget.c...
creating preprocessor file for clk.c...
creating preprocessor file for pwm.c...
compiling clk.c...
creating preprocessor file for sys.c...
compiling pwm.c...
compiling sys.c...
creating preprocessor file for uart.c...
compiling uart.c...
linking...
Program Size: Code=3644 RO-data=268 RW-data=20 ZI-data=704  
After Build - User command #1: fromelf --bin ".\obj\Level1_PWM_LED_Breathing.axf" --output ".\obj\Level1_PWM_LED_Breathing.bin"
After Build - User command #2: fromelf --text -c ".\obj\Level1_PWM_LED_Breathing.axf" --output ".\obj\Level1_PWM_LED_Breathing.txt"
".\obj\Level1_PWM_LED_Breathing.axf" - 0 Error(s), 0 Warning(s).
Build Time Elapsed:  00:00:04
</pre>
</body>
</html>
