<html>
<body>
<pre>
<h1>µVision Build Log</h1>
<h2>Tool Versions:</h2>
IDE-Version: µVision V5.39.0.0
Copyright (C) 2023 ARM Ltd and ARM Germany GmbH. All rights reserved.
License Information: Sanjay Yadav, Eastman, LIC=L96Y4-FADFH-3B38I-6GQIJ-VUYX7-SU4RE
 
Tool Versions:
Toolchain:       MDK-ARM Cortex-M0/M23 for Nuvoton  Version: 5.39.0.0
Toolchain Path:  C:\Keil_v5\ARM\ARMCLANG\Bin
C Compiler:      ArmClang.exe V6.21
Assembler:       Armasm.exe V6.21
Linker/Locator:  ArmLink.exe V6.21
Library Manager: ArmAr.exe V6.21
Hex Converter:   FromElf.exe V6.21
CPU DLL:         SARMCM3.DLL V5.39.0.0
Dialog DLL:      DARMCM1.DLL V1.19.6.0
    Target DLL: Nu_Link.dll
Dialog DLL:      TARMCM1.DLL V1.14.6.0
 
<h2>Project:</h2>
N:\A IC-NuvoTon Technology\Nuvoton\(BSP0) Board Support Package (BSP0)\SampleCode\Level1_Training\Level1_SPI_Flash\KEIL\Level1_SPI_Flash.uvproj
Project File Date:  07/01/2024

<h2>Output:</h2>
*** Using Compiler 'V6.21', folder: 'C:\Keil_v5\ARM\ARMCLANG\Bin'
Rebuild target 'Level1_SPI_Flash'
creating preprocessor file for system_M031Series.c...
compiling system_M031Series.c...
creating list file for system_M031Series.c...
assembling startup_M031Series.s...
creating preprocessor file for spi.c...
creating list file for spi.c...
compiling spi.c...
creating preprocessor file for clk.c...
creating list file for clk.c...
compiling clk.c...
creating preprocessor file for retarget.c...
creating list file for retarget.c...
creating preprocessor file for uart.c...
compiling retarget.c...
creating list file for uart.c...
creating list file for gpio.c...
creating preprocessor file for gpio.c...
compiling uart.c...
compiling gpio.c...
creating preprocessor file for main.c...
creating list file for main.c...
compiling main.c...
linking...
Program Size: Code=5144 RO-data=396 RW-data=16 ZI-data=1112  
After Build - User command #1: fromelf --bin ".\obj\Level1_SPI_Flash.axf" --output ".\obj\Level1_SPI_Flash.bin"
After Build - User command #2: fromelf --text -c ".\obj\Level1_SPI_Flash.axf" --output ".\obj\Level1_SPI_Flash.txt"
".\obj\Level1_SPI_Flash.axf" - 0 Error(s), 0 Warning(s).
Build Time Elapsed:  00:00:04
</pre>
</body>
</html>
