Component: Arm Compiler for Embedded 6.21 Tool: armlink [5ec1fa00]

==============================================================================

Small function inlining results

Inlined function __aeabi_idiv0 from idiv0.o at offset 0x1ee in aeabi_sdivfast.o(.text).
Inlined Instruction: BX       lr
Inlined function __aeabi_idiv0 from idiv0.o at offset 0x1f0 in aeabi_sdivfast.o(.text_divfast).
Inlined Instruction: BX       lr
Inlined function __aeabi_idiv0 from idiv0.o at offset 0xc in aeabi_sdivfast_div0.o(.text).
Inlined Instruction: BX       lr
Inlined function __aeabi_idiv0 from idiv0.o at offset 0x204 in aeabi_sdivfast_div0.o(.text).
Inlined Instruction: BX       lr
Inlined function __aeabi_idiv0 from idiv0.o at offset 0x1f0 in aeabi_sdivfast_div0.o(.text_divfast).
Inlined Instruction: BX       lr
Inlined function __aeabi_idiv0 from idiv0.o at offset 0x18 in uidiv_div0.o(.text).
Inlined Instruction: BX       lr
Inlined function __aeabi_idiv0 from idiv0.o at offset 0x42 in idiv_div0.o(.text).
Inlined Instruction: BX       lr
Inlined total of 7 calls.

==============================================================================

Image Symbol Table

    Local Symbols

    Symbol Name                              Value     Ov Type        Size  Object(Section)

    ../clib/division.s                       0x00000000   Number         0  aeabi_sdivfast.o ABSOLUTE
    ../clib/division.s                       0x00000000   Number         0  aeabi_sdivfast_div0.o ABSOLUTE
    ../clib/microlib/division.c              0x00000000   Number         0  uidiv.o ABSOLUTE
    ../clib/microlib/division.c              0x00000000   Number         0  uidiv_div0.o ABSOLUTE
    ../clib/microlib/division.c              0x00000000   Number         0  idiv_div0.o ABSOLUTE
    ../clib/microlib/division.c              0x00000000   Number         0  idiv0.o ABSOLUTE
    ../clib/microlib/division.c              0x00000000   Number         0  uldiv.o ABSOLUTE
    ../clib/microlib/init/entry.s            0x00000000   Number         0  entry.o ABSOLUTE
    ../clib/microlib/init/entry.s            0x00000000   Number         0  entry2.o ABSOLUTE
    ../clib/microlib/init/entry.s            0x00000000   Number         0  entry5.o ABSOLUTE
    ../clib/microlib/init/entry.s            0x00000000   Number         0  entry7a.o ABSOLUTE
    ../clib/microlib/init/entry.s            0x00000000   Number         0  entry7b.o ABSOLUTE
    ../clib/microlib/init/entry.s            0x00000000   Number         0  entry8a.o ABSOLUTE
    ../clib/microlib/init/entry.s            0x00000000   Number         0  entry8b.o ABSOLUTE
    ../clib/microlib/init/entry.s            0x00000000   Number         0  entry9a.o ABSOLUTE
    ../clib/microlib/init/entry.s            0x00000000   Number         0  entry9b.o ABSOLUTE
    ../clib/microlib/init/entry.s            0x00000000   Number         0  entry10a.o ABSOLUTE
    ../clib/microlib/init/entry.s            0x00000000   Number         0  entry10b.o ABSOLUTE
    ../clib/microlib/init/entry.s            0x00000000   Number         0  entry11a.o ABSOLUTE
    ../clib/microlib/init/entry.s            0x00000000   Number         0  entry11b.o ABSOLUTE
    ../clib/microlib/longlong.c              0x00000000   Number         0  llshl.o ABSOLUTE
    ../clib/microlib/longlong.c              0x00000000   Number         0  llushr.o ABSOLUTE
    ../clib/microlib/longlong.c              0x00000000   Number         0  llsshr.o ABSOLUTE
    ../clib/microlib/printf/printf.c         0x00000000   Number         0  printfb.o ABSOLUTE
    ../clib/microlib/printf/printf.c         0x00000000   Number         0  printf0.o ABSOLUTE
    ../clib/microlib/printf/printf.c         0x00000000   Number         0  printf1.o ABSOLUTE
    ../clib/microlib/printf/printf.c         0x00000000   Number         0  printf2.o ABSOLUTE
    ../clib/microlib/printf/printf.c         0x00000000   Number         0  printf3.o ABSOLUTE
    ../clib/microlib/printf/printf.c         0x00000000   Number         0  printf4.o ABSOLUTE
    ../clib/microlib/printf/printf.c         0x00000000   Number         0  printf5.o ABSOLUTE
    ../clib/microlib/printf/printf.c         0x00000000   Number         0  printf6.o ABSOLUTE
    ../clib/microlib/printf/printf.c         0x00000000   Number         0  printf7.o ABSOLUTE
    ../clib/microlib/printf/printf.c         0x00000000   Number         0  printf8.o ABSOLUTE
    ../clib/microlib/printf/printf.c         0x00000000   Number         0  printfa.o ABSOLUTE
    ../clib/microlib/printf/stubs.s          0x00000000   Number         0  printfstubs.o ABSOLUTE
    ../clib/microlib/stdio/puts.c            0x00000000   Number         0  puts.o ABSOLUTE
    ../clib/microlib/stdio/puts.c            0x00000000   Number         0  puts_e.o ABSOLUTE
    ../clib/microlib/string/memset.c         0x00000000   Number         0  memseta.o ABSOLUTE
    ../clib/microlib/stubs.s                 0x00000000   Number         0  iusefp.o ABSOLUTE
    ../fplib/microlib/fpadd.c                0x00000000   Number         0  dadd.o ABSOLUTE
    ../fplib/microlib/fpdiv.c                0x00000000   Number         0  ddiv.o ABSOLUTE
    ../fplib/microlib/fpepilogue.c           0x00000000   Number         0  depilogue.o ABSOLUTE
    ../fplib/microlib/fpfix.c                0x00000000   Number         0  dfixul.o ABSOLUTE
    ../fplib/microlib/fpmul.c                0x00000000   Number         0  dmul.o ABSOLUTE
    ..\..\..\..\Library\Device\Nuvoton\M031\Source\ARM\startup_M031Series.s 0x00000000   Number         0  startup_m031series.o ABSOLUTE
    cdrcmple.s                               0x00000000   Number         0  cdrcmple.o ABSOLUTE
    clk.c                                    0x00000000   Number         0  clk.o ABSOLUTE
    gpio.c                                   0x00000000   Number         0  gpio.o ABSOLUTE
    handlers.s                               0x00000000   Number         0  handlers.o ABSOLUTE
    init.s                                   0x00000000   Number         0  init.o ABSOLUTE
    main.c                                   0x00000000   Number         0  main.o ABSOLUTE
    retarget.c                               0x00000000   Number         0  retarget.o ABSOLUTE
    spi.c                                    0x00000000   Number         0  spi.o ABSOLUTE
    system_M031Series.c                      0x00000000   Number         0  system_m031series.o ABSOLUTE
    uart.c                                   0x00000000   Number         0  uart.o ABSOLUTE
    RESET                                    0x00000000   Section      192  startup_m031series.o(RESET)
    .ARM.Collect$$$$00000000                 0x000000c0   Section        0  entry.o(.ARM.Collect$$$$00000000)
    .ARM.Collect$$$$00000001                 0x000000c0   Section        4  entry2.o(.ARM.Collect$$$$00000001)
    .ARM.Collect$$$$00000004                 0x000000c4   Section        4  entry5.o(.ARM.Collect$$$$00000004)
    .ARM.Collect$$$$00000008                 0x000000c8   Section        0  entry7b.o(.ARM.Collect$$$$00000008)
    .ARM.Collect$$$$0000000A                 0x000000c8   Section        0  entry8b.o(.ARM.Collect$$$$0000000A)
    .ARM.Collect$$$$0000000B                 0x000000c8   Section        8  entry9a.o(.ARM.Collect$$$$0000000B)
    __lit__00000000                          0x000000d0   Data           4  entry2.o(.ARM.Collect$$$$00002712)
    .ARM.Collect$$$$0000000D                 0x000000d0   Section        0  entry10a.o(.ARM.Collect$$$$0000000D)
    .ARM.Collect$$$$0000000F                 0x000000d0   Section        0  entry11a.o(.ARM.Collect$$$$0000000F)
    .ARM.Collect$$$$00002712                 0x000000d0   Section        4  entry2.o(.ARM.Collect$$$$00002712)
    .text                                    0x000000d4   Section      128  startup_m031series.o(.text)
    Default_Handler                          0x00000113   Thumb Code     2  startup_m031series.o(.text)
    .text                                    0x00000154   Section        0  memseta.o(.text)
    .text                                    0x00000178   Section        0  uidiv_div0.o(.text)
    .text                                    0x000001b6   Section        0  uldiv.o(.text)
    .text                                    0x00000218   Section       48  init.o(.text)
    .text                                    0x00000248   Section        0  llshl.o(.text)
    .text                                    0x00000268   Section        0  llushr.o(.text)
    [Anonymous Symbol]                       0x0000028c   Section        0  clk.o(.text.CLK_EnableModuleClock)
    __arm_cp.18_0                            0x000002a8   Number         4  clk.o(.text.CLK_EnableModuleClock)
    __arm_cp.18_1                            0x000002ac   Number         4  clk.o(.text.CLK_EnableModuleClock)
    [Anonymous Symbol]                       0x000002b0   Section        0  clk.o(.text.CLK_EnableXtalRC)
    __arm_cp.16_0                            0x000002bc   Number         4  clk.o(.text.CLK_EnableXtalRC)
    [Anonymous Symbol]                       0x000002c0   Section        0  clk.o(.text.CLK_GetHCLKFreq)
    [Anonymous Symbol]                       0x000002cc   Section        0  clk.o(.text.CLK_GetPCLK0Freq)
    [Anonymous Symbol]                       0x000002e4   Section        0  clk.o(.text.CLK_GetPCLK1Freq)
    __arm_cp.7_0                             0x000002fc   Number         4  clk.o(.text.CLK_GetPCLK1Freq)
    [Anonymous Symbol]                       0x00000300   Section        0  clk.o(.text.CLK_SetHCLK)
    [Anonymous Symbol]                       0x00000398   Section        0  clk.o(.text.CLK_SetModuleClock)
    __arm_cp.14_0                            0x000003e0   Number         4  clk.o(.text.CLK_SetModuleClock)
    [Anonymous Symbol]                       0x00000404   Section        0  clk.o(.text.CLK_WaitClockReady)
    __arm_cp.11_0                            0x0000045c   Number         4  clk.o(.text.CLK_WaitClockReady)
    __arm_cp.11_1                            0x00000460   Number         4  clk.o(.text.CLK_WaitClockReady)
    __arm_cp.11_2                            0x00000464   Number         4  clk.o(.text.CLK_WaitClockReady)
    [Anonymous Symbol]                       0x00000468   Section        0  gpio.o(.text.GPIO_SetMode)
    [Anonymous Symbol]                       0x00000560   Section        0  retarget.o(.text.ProcessHardFault)
    __arm_cp.1_0                             0x00000588   Number         4  retarget.o(.text.ProcessHardFault)
    __arm_cp.1_2                             0x0000059c   Number         4  retarget.o(.text.ProcessHardFault)
    [Anonymous Symbol]                       0x000005a0   Section        0  retarget.o(.text.SH_Return)
    [Anonymous Symbol]                       0x000005a4   Section        0  spi.o(.text.SPI_ClearRxFIFO)
    [Anonymous Symbol]                       0x000005b0   Section        0  spi.o(.text.SPI_DisableAutoSS)
    [Anonymous Symbol]                       0x000005bc   Section        0  spi.o(.text.SPI_Open)
    __arm_cp.0_0                             0x00000708   Number         4  spi.o(.text.SPI_Open)
    __arm_cp.0_1                             0x0000070c   Number         4  spi.o(.text.SPI_Open)
    __arm_cp.0_3                             0x00000710   Number         4  spi.o(.text.SPI_Open)
    __arm_cp.0_6                             0x00000714   Number         4  spi.o(.text.SPI_Open)
    __arm_cp.0_7                             0x00000718   Number         4  spi.o(.text.SPI_Open)
    [Anonymous Symbol]                       0x0000071c   Section        0  retarget.o(.text.SendChar)
    __arm_cp.3_0                             0x00000768   Number         4  retarget.o(.text.SendChar)
    [Anonymous Symbol]                       0x0000076c   Section        0  system_m031series.o(.text.SystemCoreClockUpdate)
    __arm_cp.0_0                             0x000007e4   Number         4  system_m031series.o(.text.SystemCoreClockUpdate)
    __arm_cp.0_1                             0x000007e8   Number         4  system_m031series.o(.text.SystemCoreClockUpdate)
    __arm_cp.0_2                             0x000007ec   Number         4  system_m031series.o(.text.SystemCoreClockUpdate)
    __arm_cp.0_3                             0x000007f0   Number         4  system_m031series.o(.text.SystemCoreClockUpdate)
    __arm_cp.0_5                             0x000007f8   Number         4  system_m031series.o(.text.SystemCoreClockUpdate)
    __arm_cp.0_6                             0x000007fc   Number         4  system_m031series.o(.text.SystemCoreClockUpdate)
    __arm_cp.0_7                             0x00000800   Number         4  system_m031series.o(.text.SystemCoreClockUpdate)
    __arm_cp.0_8                             0x00000804   Number         4  system_m031series.o(.text.SystemCoreClockUpdate)
    __arm_cp.0_9                             0x00000808   Number         4  system_m031series.o(.text.SystemCoreClockUpdate)
    __arm_cp.0_10                            0x0000080c   Number         4  system_m031series.o(.text.SystemCoreClockUpdate)
    [Anonymous Symbol]                       0x00000810   Section        0  system_m031series.o(.text.SystemInit)
    __arm_cp.1_0                             0x00000864   Number         4  system_m031series.o(.text.SystemInit)
    __arm_cp.1_1                             0x00000868   Number         4  system_m031series.o(.text.SystemInit)
    [Anonymous Symbol]                       0x0000086c   Section        0  uart.o(.text.UART_Open)
    __arm_cp.6_0                             0x000009c8   Number         4  uart.o(.text.UART_Open)
    __arm_cp.6_1                             0x000009cc   Number         4  uart.o(.text.UART_Open)
    __arm_cp.6_2                             0x000009d0   Number         4  uart.o(.text.UART_Open)
    __arm_cp.6_3                             0x000009d4   Number         4  uart.o(.text.UART_Open)
    __arm_cp.6_4                             0x000009d8   Number         4  uart.o(.text.UART_Open)
    __arm_cp.6_5                             0x000009dc   Number         4  uart.o(.text.UART_Open)
    __arm_cp.6_6                             0x000009e0   Number         4  uart.o(.text.UART_Open)
    __arm_cp.6_7                             0x000009e4   Number         4  uart.o(.text.UART_Open)
    __arm_cp.6_8                             0x000009e8   Number         4  uart.o(.text.UART_Open)
    __arm_cp.6_9                             0x000009ec   Number         4  uart.o(.text.UART_Open)
    [Anonymous Symbol]                       0x000009f0   Section        0  retarget.o(.text.fputc)
    [Anonymous Symbol]                       0x000009fc   Section        0  main.o(.text.main)
    __arm_cp.3_23                            0x00000de4   Number         4  main.o(.text.main)
    __arm_cp.3_24                            0x00000de8   Number         4  main.o(.text.main)
    __arm_cp.3_25                            0x00000dec   Number         4  main.o(.text.main)
    __arm_cp.3_26                            0x00000df0   Number         4  main.o(.text.main)
    __arm_cp.3_27                            0x00000df4   Number         4  main.o(.text.main)
    __arm_cp.3_31                            0x00000e70   Number         4  main.o(.text.main)
    __arm_cp.3_32                            0x00000e74   Number         4  main.o(.text.main)
    __arm_cp.3_33                            0x00000e78   Number         4  main.o(.text.main)
    __arm_cp.3_34                            0x00000e7c   Number         4  main.o(.text.main)
    __arm_cp.3_35                            0x00000e80   Number         4  main.o(.text.main)
    __arm_cp.3_36                            0x00000e84   Number         4  main.o(.text.main)
    __arm_cp.3_37                            0x00000e88   Number         4  main.o(.text.main)
    __arm_cp.3_38                            0x00000e8c   Number         4  main.o(.text.main)
    __arm_cp.3_17                            0x00001180   Number         4  main.o(.text.main)
    __arm_cp.3_18                            0x00001184   Number         4  main.o(.text.main)
    __arm_cp.3_19                            0x00001188   Number         4  main.o(.text.main)
    __arm_cp.3_20                            0x0000118c   Number         4  main.o(.text.main)
    __arm_cp.3_21                            0x00001190   Number         4  main.o(.text.main)
    i.__0printf$5                            0x0000119c   Section        0  printf5.o(i.__0printf$5)
    i.__scatterload_copy                     0x000011bc   Section       14  handlers.o(i.__scatterload_copy)
    i.__scatterload_null                     0x000011ca   Section        2  handlers.o(i.__scatterload_null)
    i.__scatterload_zeroinit                 0x000011cc   Section       14  handlers.o(i.__scatterload_zeroinit)
    _printf_core                             0x000011dd   Thumb Code   688  printf5.o(i._printf_core)
    i._printf_core                           0x000011dc   Section        0  printf5.o(i._printf_core)
    i.puts                                   0x000014b8   Section        0  puts.o(i.puts)
    [Anonymous Symbol]                       0x000014d8   Section        0  clk.o(.rodata..L__const.CLK_DisableModuleClock.u32ClkTbl)
    [Anonymous Symbol]                       0x000014e4   Section        0  uart.o(.rodata..L__const.UART_SelectIrDAMode.u32ClkTbl)
    [Anonymous Symbol]                       0x000014fc   Section        0  spi.o(.rodata.cst4)
    [Anonymous Symbol]                       0x00001500   Section        0  uart.o(.rodata.cst4)
    [Anonymous Symbol]                       0x00001524   Section        0  main.o(.rodata.str1.1)
    g_ICE_Conneced                           0x2000000c   Data           4  retarget.o(.data.g_ICE_Conneced)
    [Anonymous Symbol]                       0x2000000c   Section        0  retarget.o(.data.g_ICE_Conneced)
    STACK                                    0x20000268   Section      512  startup_m031series.o(STACK)

    Global Symbols

    Symbol Name                              Value     Ov Type        Size  Object(Section)

    BuildAttributes$$THM_ISAv3M$S$PE$A:L22$X:L11$S22$IEEE1$IW$~IW$USESV6$~STKCKD$USESV7$~SHL$OTIME$ROPI$EBA8$MICROLIB$REQ8$PRES8$EABIv2 0x00000000   Number         0  anon$$obj.o ABSOLUTE
    __Vectors                                0x00000000   Data           4  startup_m031series.o(RESET)
    _printf_a                                0x00000000   Number         0  printfstubs.o ABSOLUTE
    _printf_c                                0x00000000   Number         0  printfstubs.o ABSOLUTE
    _printf_charcount                        0x00000000   Number         0  printfstubs.o ABSOLUTE
    _printf_d                                0x00000000   Number         0  printfstubs.o ABSOLUTE
    _printf_e                                0x00000000   Number         0  printfstubs.o ABSOLUTE
    _printf_f                                0x00000000   Number         0  printfstubs.o ABSOLUTE
    _printf_flags                            0x00000000   Number         0  printfstubs.o ABSOLUTE
    _printf_fp_dec                           0x00000000   Number         0  printfstubs.o ABSOLUTE
    _printf_fp_hex                           0x00000000   Number         0  printfstubs.o ABSOLUTE
    _printf_g                                0x00000000   Number         0  printfstubs.o ABSOLUTE
    _printf_i                                0x00000000   Number         0  printfstubs.o ABSOLUTE
    _printf_int_dec                          0x00000000   Number         0  printfstubs.o ABSOLUTE
    _printf_l                                0x00000000   Number         0  printfstubs.o ABSOLUTE
    _printf_lc                               0x00000000   Number         0  printfstubs.o ABSOLUTE
    _printf_ll                               0x00000000   Number         0  printfstubs.o ABSOLUTE
    _printf_lld                              0x00000000   Number         0  printfstubs.o ABSOLUTE
    _printf_lli                              0x00000000   Number         0  printfstubs.o ABSOLUTE
    _printf_llo                              0x00000000   Number         0  printfstubs.o ABSOLUTE
    _printf_llu                              0x00000000   Number         0  printfstubs.o ABSOLUTE
    _printf_llx                              0x00000000   Number         0  printfstubs.o ABSOLUTE
    _printf_longlong_dec                     0x00000000   Number         0  printfstubs.o ABSOLUTE
    _printf_longlong_hex                     0x00000000   Number         0  printfstubs.o ABSOLUTE
    _printf_longlong_oct                     0x00000000   Number         0  printfstubs.o ABSOLUTE
    _printf_ls                               0x00000000   Number         0  printfstubs.o ABSOLUTE
    _printf_mbtowc                           0x00000000   Number         0  printfstubs.o ABSOLUTE
    _printf_n                                0x00000000   Number         0  printfstubs.o ABSOLUTE
    _printf_o                                0x00000000   Number         0  printfstubs.o ABSOLUTE
    _printf_p                                0x00000000   Number         0  printfstubs.o ABSOLUTE
    _printf_percent                          0x00000000   Number         0  printfstubs.o ABSOLUTE
    _printf_pre_padding                      0x00000000   Number         0  printfstubs.o ABSOLUTE
    _printf_return_value                     0x00000000   Number         0  printfstubs.o ABSOLUTE
    _printf_s                                0x00000000   Number         0  printfstubs.o ABSOLUTE
    _printf_sizespec                         0x00000000   Number         0  printfstubs.o ABSOLUTE
    _printf_str                              0x00000000   Number         0  printfstubs.o ABSOLUTE
    _printf_truncate_signed                  0x00000000   Number         0  printfstubs.o ABSOLUTE
    _printf_truncate_unsigned                0x00000000   Number         0  printfstubs.o ABSOLUTE
    _printf_u                                0x00000000   Number         0  printfstubs.o ABSOLUTE
    _printf_wc                               0x00000000   Number         0  printfstubs.o ABSOLUTE
    _printf_wctomb                           0x00000000   Number         0  printfstubs.o ABSOLUTE
    _printf_widthprec                        0x00000000   Number         0  printfstubs.o ABSOLUTE
    _printf_x                                0x00000000   Number         0  printfstubs.o ABSOLUTE
    __cpp_initialize__aeabi_                  - Undefined Weak Reference
    __cxa_finalize                            - Undefined Weak Reference
    __decompress                              - Undefined Weak Reference
    _clock_init                               - Undefined Weak Reference
    _microlib_exit                            - Undefined Weak Reference
    __main                                   0x000000c1   Thumb Code     0  entry.o(.ARM.Collect$$$$00000000)
    _main_stk                                0x000000c1   Thumb Code     0  entry2.o(.ARM.Collect$$$$00000001)
    _main_scatterload                        0x000000c5   Thumb Code     0  entry5.o(.ARM.Collect$$$$00000004)
    __main_after_scatterload                 0x000000c9   Thumb Code     0  entry5.o(.ARM.Collect$$$$00000004)
    _main_clock                              0x000000c9   Thumb Code     0  entry7b.o(.ARM.Collect$$$$00000008)
    _main_cpp_init                           0x000000c9   Thumb Code     0  entry8b.o(.ARM.Collect$$$$0000000A)
    _main_init                               0x000000c9   Thumb Code     0  entry9a.o(.ARM.Collect$$$$0000000B)
    __rt_final_cpp                           0x000000d1   Thumb Code     0  entry10a.o(.ARM.Collect$$$$0000000D)
    __rt_final_exit                          0x000000d1   Thumb Code     0  entry11a.o(.ARM.Collect$$$$0000000F)
    Reset_Handler                            0x000000d5   Thumb Code    38  startup_m031series.o(.text)
    NMI_Handler                              0x000000fb   Thumb Code     2  startup_m031series.o(.text)
    HardFault_Handler                        0x000000fd   Thumb Code    16  startup_m031series.o(.text)
    SVC_Handler                              0x0000010d   Thumb Code     2  startup_m031series.o(.text)
    PendSV_Handler                           0x0000010f   Thumb Code     2  startup_m031series.o(.text)
    SysTick_Handler                          0x00000111   Thumb Code     2  startup_m031series.o(.text)
    ACMP01_IRQHandler                        0x00000113   Thumb Code     0  startup_m031series.o(.text)
    ADC_IRQHandler                           0x00000113   Thumb Code     0  startup_m031series.o(.text)
    BOD_IRQHandler                           0x00000113   Thumb Code     0  startup_m031series.o(.text)
    BPWM0_IRQHandler                         0x00000113   Thumb Code     0  startup_m031series.o(.text)
    BPWM1_IRQHandler                         0x00000113   Thumb Code     0  startup_m031series.o(.text)
    CKFAIL_IRQHandler                        0x00000113   Thumb Code     0  startup_m031series.o(.text)
    EINT024_IRQHandler                       0x00000113   Thumb Code     0  startup_m031series.o(.text)
    EINT135_IRQHandler                       0x00000113   Thumb Code     0  startup_m031series.o(.text)
    GPABGH_IRQHandler                        0x00000113   Thumb Code     0  startup_m031series.o(.text)
    GPCDEF_IRQHandler                        0x00000113   Thumb Code     0  startup_m031series.o(.text)
    I2C0_IRQHandler                          0x00000113   Thumb Code     0  startup_m031series.o(.text)
    I2C1_IRQHandler                          0x00000113   Thumb Code     0  startup_m031series.o(.text)
    ISP_IRQHandler                           0x00000113   Thumb Code     0  startup_m031series.o(.text)
    PDMA_IRQHandler                          0x00000113   Thumb Code     0  startup_m031series.o(.text)
    PWM0_IRQHandler                          0x00000113   Thumb Code     0  startup_m031series.o(.text)
    PWM1_IRQHandler                          0x00000113   Thumb Code     0  startup_m031series.o(.text)
    PWRWU_IRQHandler                         0x00000113   Thumb Code     0  startup_m031series.o(.text)
    QSPI0_IRQHandler                         0x00000113   Thumb Code     0  startup_m031series.o(.text)
    RTC_IRQHandler                           0x00000113   Thumb Code     0  startup_m031series.o(.text)
    SPI0_IRQHandler                          0x00000113   Thumb Code     0  startup_m031series.o(.text)
    TMR0_IRQHandler                          0x00000113   Thumb Code     0  startup_m031series.o(.text)
    TMR1_IRQHandler                          0x00000113   Thumb Code     0  startup_m031series.o(.text)
    TMR2_IRQHandler                          0x00000113   Thumb Code     0  startup_m031series.o(.text)
    TMR3_IRQHandler                          0x00000113   Thumb Code     0  startup_m031series.o(.text)
    UART02_IRQHandler                        0x00000113   Thumb Code     0  startup_m031series.o(.text)
    UART13_IRQHandler                        0x00000113   Thumb Code     0  startup_m031series.o(.text)
    UART46_IRQHandler                        0x00000113   Thumb Code     0  startup_m031series.o(.text)
    UART57_IRQHandler                        0x00000113   Thumb Code     0  startup_m031series.o(.text)
    USBD_IRQHandler                          0x00000113   Thumb Code     0  startup_m031series.o(.text)
    USCI01_IRQHandler                        0x00000113   Thumb Code     0  startup_m031series.o(.text)
    WDT_IRQHandler                           0x00000113   Thumb Code     0  startup_m031series.o(.text)
    SH_DoCommand                             0x00000115   Thumb Code    10  startup_m031series.o(.text)
    __PC                                     0x0000011f   Thumb Code     6  startup_m031series.o(.text)
    __aeabi_memset                           0x00000155   Thumb Code    14  memseta.o(.text)
    __aeabi_memset4                          0x00000155   Thumb Code     0  memseta.o(.text)
    __aeabi_memset8                          0x00000155   Thumb Code     0  memseta.o(.text)
    __aeabi_memclr                           0x00000163   Thumb Code     4  memseta.o(.text)
    __aeabi_memclr4                          0x00000163   Thumb Code     0  memseta.o(.text)
    __aeabi_memclr8                          0x00000163   Thumb Code     0  memseta.o(.text)
    _memset$wrapper                          0x00000167   Thumb Code    18  memseta.o(.text)
    __aeabi_uidiv                            0x00000179   Thumb Code     0  uidiv_div0.o(.text)
    __aeabi_uidivmod                         0x00000179   Thumb Code    62  uidiv_div0.o(.text)
    __aeabi_uldivmod                         0x000001b7   Thumb Code    96  uldiv.o(.text)
    __scatterload                            0x00000219   Thumb Code    38  init.o(.text)
    __scatterload_rt2                        0x00000219   Thumb Code     0  init.o(.text)
    __aeabi_llsl                             0x00000249   Thumb Code    32  llshl.o(.text)
    _ll_shift_l                              0x00000249   Thumb Code     0  llshl.o(.text)
    __aeabi_llsr                             0x00000269   Thumb Code    34  llushr.o(.text)
    _ll_ushift_r                             0x00000269   Thumb Code     0  llushr.o(.text)
    CLK_EnableModuleClock                    0x0000028d   Thumb Code    28  clk.o(.text.CLK_EnableModuleClock)
    CLK_EnableXtalRC                         0x000002b1   Thumb Code    12  clk.o(.text.CLK_EnableXtalRC)
    CLK_GetHCLKFreq                          0x000002c1   Thumb Code    12  clk.o(.text.CLK_GetHCLKFreq)
    CLK_GetPCLK0Freq                         0x000002cd   Thumb Code    24  clk.o(.text.CLK_GetPCLK0Freq)
    CLK_GetPCLK1Freq                         0x000002e5   Thumb Code    24  clk.o(.text.CLK_GetPCLK1Freq)
    CLK_SetHCLK                              0x00000301   Thumb Code   152  clk.o(.text.CLK_SetHCLK)
    CLK_SetModuleClock                       0x00000399   Thumb Code    72  clk.o(.text.CLK_SetModuleClock)
    CLK_WaitClockReady                       0x00000405   Thumb Code    88  clk.o(.text.CLK_WaitClockReady)
    GPIO_SetMode                             0x00000469   Thumb Code   248  gpio.o(.text.GPIO_SetMode)
    ProcessHardFault                         0x00000561   Thumb Code    40  retarget.o(.text.ProcessHardFault)
    SH_Return                                0x000005a1   Thumb Code     4  retarget.o(.text.SH_Return)
    SPI_ClearRxFIFO                          0x000005a5   Thumb Code    12  spi.o(.text.SPI_ClearRxFIFO)
    SPI_DisableAutoSS                        0x000005b1   Thumb Code    10  spi.o(.text.SPI_DisableAutoSS)
    SPI_Open                                 0x000005bd   Thumb Code   332  spi.o(.text.SPI_Open)
    SendChar                                 0x0000071d   Thumb Code    76  retarget.o(.text.SendChar)
    SystemCoreClockUpdate                    0x0000076d   Thumb Code   120  system_m031series.o(.text.SystemCoreClockUpdate)
    SystemInit                               0x00000811   Thumb Code    84  system_m031series.o(.text.SystemInit)
    UART_Open                                0x0000086d   Thumb Code   348  uart.o(.text.UART_Open)
    fputc                                    0x000009f1   Thumb Code    12  retarget.o(.text.fputc)
    main                                     0x000009fd   Thumb Code  1924  main.o(.text.main)
    __0printf$5                              0x0000119d   Thumb Code    24  printf5.o(i.__0printf$5)
    __1printf$5                              0x0000119d   Thumb Code     0  printf5.o(i.__0printf$5)
    __2printf                                0x0000119d   Thumb Code     0  printf5.o(i.__0printf$5)
    __scatterload_copy                       0x000011bd   Thumb Code    14  handlers.o(i.__scatterload_copy)
    __scatterload_null                       0x000011cb   Thumb Code     2  handlers.o(i.__scatterload_null)
    __scatterload_zeroinit                   0x000011cd   Thumb Code    14  handlers.o(i.__scatterload_zeroinit)
    puts                                     0x000014b9   Thumb Code    28  puts.o(i.puts)
    gau32ClkSrcTbl                           0x00001504   Data          32  system_m031series.o(.rodata.gau32ClkSrcTbl)
    Region$$Table$$Base                      0x00001584   Number         0  anon$$obj.o(Region$$Table)
    Region$$Table$$Limit                     0x000015a4   Number         0  anon$$obj.o(Region$$Table)
    CyclesPerUs                              0x20000000   Data           4  system_m031series.o(.data.CyclesPerUs)
    PllClock                                 0x20000004   Data           4  system_m031series.o(.data.PllClock)
    SystemCoreClock                          0x20000008   Data           4  system_m031series.o(.data.SystemCoreClock)
    DestArray                                0x20000010   Data         256  main.o(.bss.DestArray)
    SrcArray                                 0x20000110   Data         256  main.o(.bss.SrcArray)
    __stdout                                 0x20000210   Data          84  retarget.o(.bss.__stdout)
    g_CLK_i32ErrCode                         0x20000264   Data           4  clk.o(.bss.g_CLK_i32ErrCode)
    __initial_sp                             0x20000468   Data           0  startup_m031series.o(STACK)



==============================================================================

Memory Map of the image

  Image Entry point : 0x000000d5

  Load Region LR_1 (Base: 0x00000000, Size: 0x000015b4, Max: 0xffffffff, ABSOLUTE)

    Execution Region ER_RO (Exec base: 0x00000000, Load base: 0x00000000, Size: 0x000015a4, Max: 0xffffffff, ABSOLUTE)

    Exec Addr    Load Addr    Size         Type   Attr      Idx    E Section Name        Object

    0x00000000   0x00000000   0x000000c0   Data   RO           19    RESET               startup_m031series.o
    0x000000c0   0x000000c0   0x00000000   Code   RO          252  * .ARM.Collect$$$$00000000  mc_p.l(entry.o)
    0x000000c0   0x000000c0   0x00000004   Code   RO          526    .ARM.Collect$$$$00000001  mc_p.l(entry2.o)
    0x000000c4   0x000000c4   0x00000004   Code   RO          529    .ARM.Collect$$$$00000004  mc_p.l(entry5.o)
    0x000000c8   0x000000c8   0x00000000   Code   RO          531    .ARM.Collect$$$$00000008  mc_p.l(entry7b.o)
    0x000000c8   0x000000c8   0x00000000   Code   RO          533    .ARM.Collect$$$$0000000A  mc_p.l(entry8b.o)
    0x000000c8   0x000000c8   0x00000008   Code   RO          534    .ARM.Collect$$$$0000000B  mc_p.l(entry9a.o)
    0x000000d0   0x000000d0   0x00000000   Code   RO          536    .ARM.Collect$$$$0000000D  mc_p.l(entry10a.o)
    0x000000d0   0x000000d0   0x00000000   Code   RO          538    .ARM.Collect$$$$0000000F  mc_p.l(entry11a.o)
    0x000000d0   0x000000d0   0x00000004   Code   RO          527    .ARM.Collect$$$$00002712  mc_p.l(entry2.o)
    0x000000d4   0x000000d4   0x00000080   Code   RO           20  * .text               startup_m031series.o
    0x00000154   0x00000154   0x00000024   Code   RO          263    .text               mc_p.l(memseta.o)
    0x00000178   0x00000178   0x0000003e   Code   RO          544    .text               mc_p.l(uidiv_div0.o)
    0x000001b6   0x000001b6   0x00000060   Code   RO          550    .text               mc_p.l(uldiv.o)
    0x00000216   0x00000216   0x00000002   PAD
    0x00000218   0x00000218   0x00000030   Code   RO          563    .text               mc_p.l(init.o)
    0x00000248   0x00000248   0x00000020   Code   RO          565    .text               mc_p.l(llshl.o)
    0x00000268   0x00000268   0x00000022   Code   RO          567    .text               mc_p.l(llushr.o)
    0x0000028a   0x0000028a   0x00000002   PAD
    0x0000028c   0x0000028c   0x00000024   Code   RO          114    .text.CLK_EnableModuleClock  clk.o
    0x000002b0   0x000002b0   0x00000010   Code   RO          110    .text.CLK_EnableXtalRC  clk.o
    0x000002c0   0x000002c0   0x0000000c   Code   RO           94    .text.CLK_GetHCLKFreq  clk.o
    0x000002cc   0x000002cc   0x00000018   Code   RO           90    .text.CLK_GetPCLK0Freq  clk.o
    0x000002e4   0x000002e4   0x0000001c   Code   RO           92    .text.CLK_GetPCLK1Freq  clk.o
    0x00000300   0x00000300   0x00000098   Code   RO          104    .text.CLK_SetHCLK   clk.o
    0x00000398   0x00000398   0x0000006c   Code   RO          106    .text.CLK_SetModuleClock  clk.o
    0x00000404   0x00000404   0x00000064   Code   RO          100    .text.CLK_WaitClockReady  clk.o
    0x00000468   0x00000468   0x000000f8   Code   RO          205    .text.GPIO_SetMode  gpio.o
    0x00000560   0x00000560   0x00000040   Code   RO          136    .text.ProcessHardFault  retarget.o
    0x000005a0   0x000005a0   0x00000004   Code   RO          134    .text.SH_Return     retarget.o
    0x000005a4   0x000005a4   0x0000000c   Code   RO           31    .text.SPI_ClearRxFIFO  spi.o
    0x000005b0   0x000005b0   0x0000000a   Code   RO           35    .text.SPI_DisableAutoSS  spi.o
    0x000005ba   0x000005ba   0x00000002   PAD
    0x000005bc   0x000005bc   0x00000160   Code   RO           27    .text.SPI_Open      spi.o
    0x0000071c   0x0000071c   0x00000050   Code   RO          140    .text.SendChar      retarget.o
    0x0000076c   0x0000076c   0x000000a4   Code   RO            2    .text.SystemCoreClockUpdate  system_m031series.o
    0x00000810   0x00000810   0x0000005c   Code   RO            4    .text.SystemInit    system_m031series.o
    0x0000086c   0x0000086c   0x00000184   Code   RO          179    .text.UART_Open     uart.o
    0x000009f0   0x000009f0   0x0000000c   Code   RO          150    .text.fputc         retarget.o
    0x000009fc   0x000009fc   0x000007a0   Code   RO          225    .text.main          main.o
    0x0000119c   0x0000119c   0x00000020   Code   RO          398    i.__0printf$5       mc_p.l(printf5.o)
    0x000011bc   0x000011bc   0x0000000e   Code   RO          577    i.__scatterload_copy  mc_p.l(handlers.o)
    0x000011ca   0x000011ca   0x00000002   Code   RO          578    i.__scatterload_null  mc_p.l(handlers.o)
    0x000011cc   0x000011cc   0x0000000e   Code   RO          579    i.__scatterload_zeroinit  mc_p.l(handlers.o)
    0x000011da   0x000011da   0x00000002   PAD
    0x000011dc   0x000011dc   0x000002dc   Code   RO          405    i._printf_core      mc_p.l(printf5.o)
    0x000014b8   0x000014b8   0x00000020   Code   RO          253    i.puts              mc_p.l(puts.o)
    0x000014d8   0x000014d8   0x0000000c   Data   RO          125    .rodata..L__const.CLK_DisableModuleClock.u32ClkTbl  clk.o
    0x000014e4   0x000014e4   0x00000018   Data   RO          195    .rodata..L__const.UART_SelectIrDAMode.u32ClkTbl  uart.o
    0x000014fc   0x000014fc   0x00000004   Data   RO           69    .rodata.cst4        spi.o
    0x00001500   0x00001500   0x00000004   Data   RO          196    .rodata.cst4        uart.o
    0x00001504   0x00001504   0x00000020   Data   RO            9    .rodata.gau32ClkSrcTbl  system_m031series.o
    0x00001524   0x00001524   0x0000005f   Data   RO          242    .rodata.str1.1      main.o
    0x00001583   0x00001583   0x00000001   PAD
    0x00001584   0x00001584   0x00000020   Data   RO          576    Region$$Table       anon$$obj.o


    Execution Region ER_RW (Exec base: 0x20000000, Load base: 0x000015a4, Size: 0x00000010, Max: 0xffffffff, ABSOLUTE)

    Exec Addr    Load Addr    Size         Type   Attr      Idx    E Section Name        Object

    0x20000000   0x000015a4   0x00000004   Data   RW            7    .data.CyclesPerUs   system_m031series.o
    0x20000004   0x000015a8   0x00000004   Data   RW            8    .data.PllClock      system_m031series.o
    0x20000008   0x000015ac   0x00000004   Data   RW            6    .data.SystemCoreClock  system_m031series.o
    0x2000000c   0x000015b0   0x00000004   Data   RW          156    .data.g_ICE_Conneced  retarget.o


    Execution Region ER_ZI (Exec base: 0x20000010, Load base: 0x000015b4, Size: 0x00000458, Max: 0xffffffff, ABSOLUTE)

    Exec Addr    Load Addr    Size         Type   Attr      Idx    E Section Name        Object

    0x20000010        -       0x00000100   Zero   RW          243    .bss.DestArray      main.o
    0x20000110        -       0x00000100   Zero   RW          241    .bss.SrcArray       main.o
    0x20000210        -       0x00000054   Zero   RW          157    .bss.__stdout       retarget.o
    0x20000264        -       0x00000004   Zero   RW          124    .bss.g_CLK_i32ErrCode  clk.o
    0x20000268        -       0x00000200   Zero   RW           17    STACK               startup_m031series.o


==============================================================================

Image component sizes


      Code (inc. data)   RO Data    RW Data    ZI Data      Debug   Object Name

       476         64         12          0          4      14332   clk.o
       248          0          0          0          0       1776   gpio.o
      1952        224         95          0        512       9691   main.o
       160         28          0          4         84       3756   retarget.o
       374         20          4          0          0      13094   spi.o
       128         50        192          0        512        884   startup_m031series.o
       256         52         32         12          0       4283   system_m031series.o
       388         48         28          0          0      10284   uart.o

    ----------------------------------------------------------------------
      3984        486        396         16       1112      58100   Object Totals
         0          0         32          0          0          0   (incl. Generated)
         2          0          1          0          0          0   (incl. Padding)

    ----------------------------------------------------------------------

      Code (inc. data)   RO Data    RW Data    ZI Data      Debug   Library Member Name

         0          0          0          0          0          0   entry.o
         0          0          0          0          0          0   entry10a.o
         0          0          0          0          0          0   entry11a.o
         8          4          0          0          0          0   entry2.o
         4          0          0          0          0          0   entry5.o
         0          0          0          0          0          0   entry7b.o
         0          0          0          0          0          0   entry8b.o
         8          4          0          0          0          0   entry9a.o
        30          0          0          0          0          0   handlers.o
        48         10          0          0          0         68   init.o
        32          0          0          0          0         68   llshl.o
        34          0          0          0          0         68   llushr.o
        36          0          0          0          0        100   memseta.o
       764         52          0          0          0        168   printf5.o
        32          4          0          0          0         68   puts.o
        62          0          0          0          0         72   uidiv_div0.o
        96          0          0          0          0         84   uldiv.o

    ----------------------------------------------------------------------
      1160         74          0          0          0        696   Library Totals
         6          0          0          0          0          0   (incl. Padding)

    ----------------------------------------------------------------------

      Code (inc. data)   RO Data    RW Data    ZI Data      Debug   Library Name

      1154         74          0          0          0        696   mc_p.l

    ----------------------------------------------------------------------
      1160         74          0          0          0        696   Library Totals

    ----------------------------------------------------------------------

==============================================================================


      Code (inc. data)   RO Data    RW Data    ZI Data      Debug   

      5144        560        396         16       1112      58564   Grand Totals
      5144        560        396         16       1112      58564   ELF Image Totals
      5144        560        396         16          0          0   ROM Totals

==============================================================================

    Total RO  Size (Code + RO Data)                 5540 (   5.41kB)
    Total RW  Size (RW Data + ZI Data)              1128 (   1.10kB)
    Total ROM Size (Code + RO Data + RW Data)       5556 (   5.43kB)

==============================================================================

